     1 00000000                                 [FORMAT "WCOFF"]
     2 00000000                                 [INSTRSET "i486p"]
     3 00000000                                 [OPTIMIZE 1]
     4 00000000                                 [OPTION 1]
     5 00000000                                 [BITS 32]
     6 00000000                                 	EXTERN	_enable_mouse
     7 00000000                                 	EXTERN	_init_palette
     8 00000000                                 	EXTERN	_shtctl_init
     9 00000000                                 	EXTERN	_sheet_alloc
    10 00000000                                 	EXTERN	_memman_alloc_4k
    11 00000000                                 	EXTERN	_sheet_setbuf
    12 00000000                                 	EXTERN	_sheet_updown
    13 00000000                                 	EXTERN	_boxfill8
    14 00000000                                 	EXTERN	_init_mouse_cursol
    15 00000000                                 	EXTERN	_sheet_slide
    16 00000000                                 	EXTERN	_memman_total
    17 00000000                                 	EXTERN	_sprintf
    18 00000000                                 	EXTERN	_putstr8_asc
    19 00000000                                 	EXTERN	_sheet_refresh
    20 00000000                                 	EXTERN	_io_cli
    21 00000000                                 	EXTERN	_keybord_data_num
    22 00000000                                 	EXTERN	_mouse_data_num
    23 00000000                                 	EXTERN	_get_mouse_data
    24 00000000                                 	EXTERN	_io_sti
    25 00000000                                 	EXTERN	_mouse_decode
    26 00000000                                 	EXTERN	_get_keybord_data
    27 00000000                                 	EXTERN	_io_stihlt
    28 00000000                                 	EXTERN	_memtest
    29 00000000                                 	EXTERN	_memman_init
    30 00000000                                 	EXTERN	_memman_free
    31 00000000                                 	EXTERN	_init_gdtidt
    32 00000000                                 	EXTERN	_init_pic
    33 00000000                                 	EXTERN	_init_keybuf
    34 00000000                                 	EXTERN	_io_out8
    35 00000000                                 	EXTERN	_init_keyboard
    36 00000000                                 [FILE "bootpack.c"]
    37                                          [SECTION .data]
    38 00000000                                 LC0:
    39 00000000 6D 65 6D 6F 72 79 20 25 64 4D   	DB	"memory %dMB  free : %dKB",0x00
       0000000A 42 20 20 66 72 65 65 20 3A 20 
       00000014 25 64 4B 42 00 
    40 00000019                                 LC1:
    41 00000019 25 30 32 58 00                  	DB	"%02X",0x00
    42                                          [SECTION .text]
    43 00000000                                 	GLOBAL	_HariMain
    44 00000000                                 _HariMain:
    45 00000000 55                              	PUSH	EBP
    46 00000001 89 E5                           	MOV	EBP,ESP
    47 00000003 57                              	PUSH	EDI
    48 00000004 56                              	PUSH	ESI
    49 00000005 53                              	PUSH	EBX
    50 00000006 8D 9D FFFFFEA4                  	LEA	EBX,DWORD [-348+EBP]
    51 0000000C 81 EC 00000168                  	SUB	ESP,360
    52 00000012 68 003C0000                     	PUSH	3932160
    53 00000017 E8 000002BD                     	CALL	_memoryUsage
    54 0000001C 89 04 24                        	MOV	DWORD [ESP],EAX
    55 0000001F 68 003C0000                     	PUSH	3932160
    56 00000024 E8 000002C4                     	CALL	_memoryInit
    57 00000029 E8 000002FA                     	CALL	_hardWareInit
    58 0000002E 8D 45 A4                        	LEA	EAX,DWORD [-92+EBP]
    59 00000031 50                              	PUSH	EAX
    60 00000032 E8 [00000000]                   	CALL	_enable_mouse
    61 00000037 E8 [00000000]                   	CALL	_init_palette
    62 0000003C 0F BF 05 00000FF6               	MOVSX	EAX,WORD [4086]
    63 00000043 50                              	PUSH	EAX
    64 00000044 0F BF 05 00000FF4               	MOVSX	EAX,WORD [4084]
    65 0000004B 50                              	PUSH	EAX
    66 0000004C FF 35 00000FF8                  	PUSH	DWORD [4088]
    67 00000052 68 003C0000                     	PUSH	3932160
    68 00000057 E8 [00000000]                   	CALL	_shtctl_init
    69 0000005C 89 C6                           	MOV	ESI,EAX
    70 0000005E 50                              	PUSH	EAX
    71 0000005F E8 [00000000]                   	CALL	_sheet_alloc
    72 00000064 83 C4 20                        	ADD	ESP,32
    73 00000067 56                              	PUSH	ESI
    74 00000068 89 85 FFFFFE98                  	MOV	DWORD [-360+EBP],EAX
    75 0000006E E8 [00000000]                   	CALL	_sheet_alloc
    76 00000073 0F BF 15 00000FF6               	MOVSX	EDX,WORD [4086]
    77 0000007A 89 85 FFFFFE94                  	MOV	DWORD [-364+EBP],EAX
    78 00000080 0F BF 05 00000FF4               	MOVSX	EAX,WORD [4084]
    79 00000087 0F AF C2                        	IMUL	EAX,EDX
    80 0000008A 50                              	PUSH	EAX
    81 0000008B 68 003C0000                     	PUSH	3932160
    82 00000090 E8 [00000000]                   	CALL	_memman_alloc_4k
    83 00000095 6A FF                           	PUSH	-1
    84 00000097 89 C7                           	MOV	EDI,EAX
    85 00000099 0F BF 05 00000FF6               	MOVSX	EAX,WORD [4086]
    86 000000A0 50                              	PUSH	EAX
    87 000000A1 0F BF 05 00000FF4               	MOVSX	EAX,WORD [4084]
    88 000000A8 50                              	PUSH	EAX
    89 000000A9 57                              	PUSH	EDI
    90 000000AA FF B5 FFFFFE98                  	PUSH	DWORD [-360+EBP]
    91 000000B0 E8 [00000000]                   	CALL	_sheet_setbuf
    92 000000B5 83 C4 20                        	ADD	ESP,32
    93 000000B8 6A 63                           	PUSH	99
    94 000000BA 6A 08                           	PUSH	8
    95 000000BC 6A 08                           	PUSH	8
    96 000000BE 53                              	PUSH	EBX
    97 000000BF FF B5 FFFFFE94                  	PUSH	DWORD [-364+EBP]
    98 000000C5 E8 [00000000]                   	CALL	_sheet_setbuf
    99 000000CA 6A 00                           	PUSH	0
   100 000000CC FF B5 FFFFFE98                  	PUSH	DWORD [-360+EBP]
   101 000000D2 56                              	PUSH	ESI
   102 000000D3 E8 [00000000]                   	CALL	_sheet_updown
   103 000000D8 83 C4 20                        	ADD	ESP,32
   104 000000DB 6A 01                           	PUSH	1
   105 000000DD FF B5 FFFFFE94                  	PUSH	DWORD [-364+EBP]
   106 000000E3 56                              	PUSH	ESI
   107 000000E4 E8 [00000000]                   	CALL	_sheet_updown
   108 000000E9 0F BF 05 00000FF6               	MOVSX	EAX,WORD [4086]
   109 000000F0 50                              	PUSH	EAX
   110 000000F1 0F BF 05 00000FF4               	MOVSX	EAX,WORD [4084]
   111 000000F8 50                              	PUSH	EAX
   112 000000F9 6A 00                           	PUSH	0
   113 000000FB 6A 00                           	PUSH	0
   114 000000FD 6A 03                           	PUSH	3
   115 000000FF 0F BF 05 00000FF4               	MOVSX	EAX,WORD [4084]
   116 00000106 50                              	PUSH	EAX
   117 00000107 57                              	PUSH	EDI
   118 00000108 E8 [00000000]                   	CALL	_boxfill8
   119 0000010D 83 C4 28                        	ADD	ESP,40
   120 00000110 6A 03                           	PUSH	3
   121 00000112 53                              	PUSH	EBX
   122 00000113 BB 00000002                     	MOV	EBX,2
   123 00000118 E8 [00000000]                   	CALL	_init_mouse_cursol
   124 0000011D 6A 00                           	PUSH	0
   125 0000011F 6A 00                           	PUSH	0
   126 00000121 FF B5 FFFFFE98                  	PUSH	DWORD [-360+EBP]
   127 00000127 56                              	PUSH	ESI
   128 00000128 E8 [00000000]                   	CALL	_sheet_slide
   129 0000012D 0F BF 05 00000FF4               	MOVSX	EAX,WORD [4084]
   130 00000134 8D 48 F8                        	LEA	ECX,DWORD [-8+EAX]
   131 00000137 89 C8                           	MOV	EAX,ECX
   132 00000139 99                              	CDQ
   133 0000013A F7 FB                           	IDIV	EBX
   134 0000013C 89 C1                           	MOV	ECX,EAX
   135 0000013E 89 85 FFFFFE9C                  	MOV	DWORD [-356+EBP],EAX
   136 00000144 0F BF 05 00000FF6               	MOVSX	EAX,WORD [4086]
   137 0000014B 83 E8 24                        	SUB	EAX,36
   138 0000014E 99                              	CDQ
   139 0000014F F7 FB                           	IDIV	EBX
   140 00000151 50                              	PUSH	EAX
   141 00000152 89 85 FFFFFEA0                  	MOV	DWORD [-352+EBP],EAX
   142 00000158 51                              	PUSH	ECX
   143 00000159 8D 5D B4                        	LEA	EBX,DWORD [-76+EBP]
   144 0000015C FF B5 FFFFFE94                  	PUSH	DWORD [-364+EBP]
   145 00000162 56                              	PUSH	ESI
   146 00000163 E8 [00000000]                   	CALL	_sheet_slide
   147 00000168 83 C4 28                        	ADD	ESP,40
   148 0000016B 68 003C0000                     	PUSH	3932160
   149 00000170 E8 [00000000]                   	CALL	_memman_total
   150 00000175 C1 E8 0A                        	SHR	EAX,10
   151 00000178 89 04 24                        	MOV	DWORD [ESP],EAX
   152 0000017B A1 003C0000                     	MOV	EAX,DWORD [3932160]
   153 00000180 C1 E8 14                        	SHR	EAX,20
   154 00000183 50                              	PUSH	EAX
   155 00000184 68 [00000000]                   	PUSH	LC0
   156 00000189 53                              	PUSH	EBX
   157 0000018A E8 [00000000]                   	CALL	_sprintf
   158 0000018F 53                              	PUSH	EBX
   159 00000190 6A 07                           	PUSH	7
   160 00000192 6A 30                           	PUSH	48
   161 00000194 6A 00                           	PUSH	0
   162 00000196 0F BF 05 00000FF4               	MOVSX	EAX,WORD [4084]
   163 0000019D 50                              	PUSH	EAX
   164 0000019E 57                              	PUSH	EDI
   165 0000019F E8 [00000000]                   	CALL	_putstr8_asc
   166 000001A4 83 C4 28                        	ADD	ESP,40
   167 000001A7 6A 40                           	PUSH	64
   168 000001A9 0F BF 05 00000FF4               	MOVSX	EAX,WORD [4084]
   169 000001B0 50                              	PUSH	EAX
   170 000001B1 6A 00                           	PUSH	0
   171 000001B3 6A 00                           	PUSH	0
   172 000001B5 FF B5 FFFFFE98                  	PUSH	DWORD [-360+EBP]
   173 000001BB 56                              	PUSH	ESI
   174 000001BC E8 [00000000]                   	CALL	_sheet_refresh
   175 000001C1 83 C4 18                        	ADD	ESP,24
   176 000001C4                                 L11:
   177 000001C4 E8 [00000000]                   	CALL	_io_cli
   178 000001C9 E8 [00000000]                   	CALL	_keybord_data_num
   179 000001CE 89 C3                           	MOV	EBX,EAX
   180 000001D0 E8 [00000000]                   	CALL	_mouse_data_num
   181 000001D5 8D 04 18                        	LEA	EAX,DWORD [EAX+EBX*1]
   182 000001D8 85 C0                           	TEST	EAX,EAX
   183 000001DA 0F 84 000000EF                  	JE	L12
   184 000001E0 E8 [00000000]                   	CALL	_keybord_data_num
   185 000001E5 85 C0                           	TEST	EAX,EAX
   186 000001E7 75 75                           	JNE	L13
   187 000001E9 E8 [00000000]                   	CALL	_mouse_data_num
   188 000001EE 85 C0                           	TEST	EAX,EAX
   189 000001F0 74 D2                           	JE	L11
   190 000001F2 E8 [00000000]                   	CALL	_get_mouse_data
   191 000001F7 88 C3                           	MOV	BL,AL
   192 000001F9 E8 [00000000]                   	CALL	_io_sti
   193 000001FE 0F B6 C3                        	MOVZX	EAX,BL
   194 00000201 50                              	PUSH	EAX
   195 00000202 8D 45 A4                        	LEA	EAX,DWORD [-92+EBP]
   196 00000205 50                              	PUSH	EAX
   197 00000206 E8 [00000000]                   	CALL	_mouse_decode
   198 0000020B 5A                              	POP	EDX
   199 0000020C 59                              	POP	ECX
   200 0000020D 48                              	DEC	EAX
   201 0000020E 75 B4                           	JNE	L11
   202 00000210 8B 45 A8                        	MOV	EAX,DWORD [-88+EBP]
   203 00000213 8D 9D FFFFFE9C                  	LEA	EBX,DWORD [-356+EBP]
   204 00000219 01 85 FFFFFE9C                  	ADD	DWORD [-356+EBP],EAX
   205 0000021F 8B 45 AC                        	MOV	EAX,DWORD [-84+EBP]
   206 00000222 01 85 FFFFFEA0                  	ADD	DWORD [-352+EBP],EAX
   207 00000228 0F BF 05 00000FF6               	MOVSX	EAX,WORD [4086]
   208 0000022F 50                              	PUSH	EAX
   209 00000230 0F BF 05 00000FF4               	MOVSX	EAX,WORD [4084]
   210 00000237 50                              	PUSH	EAX
   211 00000238 53                              	PUSH	EBX
   212 00000239 E8 00000125                     	CALL	_MouseCoodinateThreshold
   213 0000023E FF B5 FFFFFEA0                  	PUSH	DWORD [-352+EBP]
   214 00000244 FF B5 FFFFFE9C                  	PUSH	DWORD [-356+EBP]
   215 0000024A FF B5 FFFFFE94                  	PUSH	DWORD [-364+EBP]
   216 00000250 56                              	PUSH	ESI
   217 00000251 E8 [00000000]                   	CALL	_sheet_slide
   218 00000256 83 C4 1C                        	ADD	ESP,28
   219 00000259 E9 FFFFFF66                     	JMP	L11
   220 0000025E                                 L13:
   221 0000025E E8 [00000000]                   	CALL	_get_keybord_data
   222 00000263 88 C3                           	MOV	BL,AL
   223 00000265 E8 [00000000]                   	CALL	_io_sti
   224 0000026A 0F B6 C3                        	MOVZX	EAX,BL
   225 0000026D 50                              	PUSH	EAX
   226 0000026E 8D 5D B4                        	LEA	EBX,DWORD [-76+EBP]
   227 00000271 68 [00000019]                   	PUSH	LC1
   228 00000276 53                              	PUSH	EBX
   229 00000277 E8 [00000000]                   	CALL	_sprintf
   230 0000027C 6A 1F                           	PUSH	31
   231 0000027E 0F BF 05 00000FF4               	MOVSX	EAX,WORD [4084]
   232 00000285 48                              	DEC	EAX
   233 00000286 50                              	PUSH	EAX
   234 00000287 6A 10                           	PUSH	16
   235 00000289 6A 00                           	PUSH	0
   236 0000028B 6A 03                           	PUSH	3
   237 0000028D 0F BF 05 00000FF4               	MOVSX	EAX,WORD [4084]
   238 00000294 50                              	PUSH	EAX
   239 00000295 57                              	PUSH	EDI
   240 00000296 E8 [00000000]                   	CALL	_boxfill8
   241 0000029B 83 C4 28                        	ADD	ESP,40
   242 0000029E 53                              	PUSH	EBX
   243 0000029F 6A 07                           	PUSH	7
   244 000002A1 6A 10                           	PUSH	16
   245 000002A3 6A 00                           	PUSH	0
   246 000002A5 0F BF 05 00000FF4               	MOVSX	EAX,WORD [4084]
   247 000002AC 50                              	PUSH	EAX
   248 000002AD 57                              	PUSH	EDI
   249 000002AE E8 [00000000]                   	CALL	_putstr8_asc
   250 000002B3 6A 20                           	PUSH	32
   251 000002B5 6A 10                           	PUSH	16
   252 000002B7 6A 10                           	PUSH	16
   253 000002B9 6A 00                           	PUSH	0
   254 000002BB FF B5 FFFFFE98                  	PUSH	DWORD [-360+EBP]
   255 000002C1 56                              	PUSH	ESI
   256 000002C2 E8 [00000000]                   	CALL	_sheet_refresh
   257 000002C7 83 C4 30                        	ADD	ESP,48
   258 000002CA E9 FFFFFEF5                     	JMP	L11
   259 000002CF                                 L12:
   260 000002CF E8 [00000000]                   	CALL	_io_stihlt
   261 000002D4 E9 FFFFFEEB                     	JMP	L11
   262 000002D9                                 	GLOBAL	_memoryUsage
   263 000002D9                                 _memoryUsage:
   264 000002D9 55                              	PUSH	EBP
   265 000002DA 89 E5                           	MOV	EBP,ESP
   266 000002DC 68 BFFFFFFF                     	PUSH	-1073741825
   267 000002E1 68 00400000                     	PUSH	4194304
   268 000002E6 E8 [00000000]                   	CALL	_memtest
   269 000002EB C9                              	LEAVE
   270 000002EC C3                              	RET
   271 000002ED                                 	GLOBAL	_memoryInit
   272 000002ED                                 _memoryInit:
   273 000002ED 55                              	PUSH	EBP
   274 000002EE 89 E5                           	MOV	EBP,ESP
   275 000002F0 56                              	PUSH	ESI
   276 000002F1 53                              	PUSH	EBX
   277 000002F2 8B 5D 0C                        	MOV	EBX,DWORD [12+EBP]
   278 000002F5 8B 75 08                        	MOV	ESI,DWORD [8+EBP]
   279 000002F8 53                              	PUSH	EBX
   280 000002F9 81 EB 00400000                  	SUB	EBX,4194304
   281 000002FF 56                              	PUSH	ESI
   282 00000300 E8 [00000000]                   	CALL	_memman_init
   283 00000305 68 0009E000                     	PUSH	647168
   284 0000030A 68 00001000                     	PUSH	4096
   285 0000030F 56                              	PUSH	ESI
   286 00000310 E8 [00000000]                   	CALL	_memman_free
   287 00000315 53                              	PUSH	EBX
   288 00000316 68 00400000                     	PUSH	4194304
   289 0000031B 56                              	PUSH	ESI
   290 0000031C E8 [00000000]                   	CALL	_memman_free
   291 00000321 8D 65 F8                        	LEA	ESP,DWORD [-8+EBP]
   292 00000324 5B                              	POP	EBX
   293 00000325 5E                              	POP	ESI
   294 00000326 5D                              	POP	EBP
   295 00000327 C3                              	RET
   296 00000328                                 	GLOBAL	_hardWareInit
   297 00000328                                 _hardWareInit:
   298 00000328 55                              	PUSH	EBP
   299 00000329 89 E5                           	MOV	EBP,ESP
   300 0000032B E8 [00000000]                   	CALL	_init_gdtidt
   301 00000330 E8 [00000000]                   	CALL	_init_pic
   302 00000335 E8 [00000000]                   	CALL	_init_keybuf
   303 0000033A E8 [00000000]                   	CALL	_io_sti
   304 0000033F 68 000000F9                     	PUSH	249
   305 00000344 6A 21                           	PUSH	33
   306 00000346 E8 [00000000]                   	CALL	_io_out8
   307 0000034B 68 000000EF                     	PUSH	239
   308 00000350 68 000000A1                     	PUSH	161
   309 00000355 E8 [00000000]                   	CALL	_io_out8
   310 0000035A 83 C4 10                        	ADD	ESP,16
   311 0000035D C9                              	LEAVE
   312 0000035E E9 [00000000]                   	JMP	_init_keyboard
   313 00000363                                 	GLOBAL	_MouseCoodinateThreshold
   314 00000363                                 _MouseCoodinateThreshold:
   315 00000363 55                              	PUSH	EBP
   316 00000364 89 E5                           	MOV	EBP,ESP
   317 00000366 8B 45 08                        	MOV	EAX,DWORD [8+EBP]
   318 00000369 83 38 00                        	CMP	DWORD [EAX],0
   319 0000036C 78 27                           	JS	L22
   320 0000036E                                 L18:
   321 0000036E 83 78 04 00                     	CMP	DWORD [4+EAX],0
   322 00000372 78 18                           	JS	L23
   323 00000374                                 L19:
   324 00000374 8B 55 0C                        	MOV	EDX,DWORD [12+EBP]
   325 00000377 4A                              	DEC	EDX
   326 00000378 39 10                           	CMP	DWORD [EAX],EDX
   327 0000037A 76 02                           	JBE	L20
   328 0000037C 89 10                           	MOV	DWORD [EAX],EDX
   329 0000037E                                 L20:
   330 0000037E 8B 55 10                        	MOV	EDX,DWORD [16+EBP]
   331 00000381 4A                              	DEC	EDX
   332 00000382 39 50 04                        	CMP	DWORD [4+EAX],EDX
   333 00000385 76 03                           	JBE	L17
   334 00000387 89 50 04                        	MOV	DWORD [4+EAX],EDX
   335 0000038A                                 L17:
   336 0000038A 5D                              	POP	EBP
   337 0000038B C3                              	RET
   338 0000038C                                 L23:
   339 0000038C C7 40 04 00000000               	MOV	DWORD [4+EAX],0
   340 00000393 EB DF                           	JMP	L19
   341 00000395                                 L22:
   342 00000395 C7 00 00000000                  	MOV	DWORD [EAX],0
   343 0000039B EB D1                           	JMP	L18
