     1 00000000                                 [FORMAT "WCOFF"]
     2 00000000                                 [INSTRSET "i486p"]
     3 00000000                                 [OPTIMIZE 1]
     4 00000000                                 [OPTION 1]
     5 00000000                                 [BITS 32]
     6 00000000                                 	EXTERN	_task_run
     7 00000000                                 [FILE "fifo.c"]
     8                                          [SECTION .text]
     9 00000000                                 	GLOBAL	_fifo32_status
    10 00000000                                 _fifo32_status:
    11 00000000 55                              	PUSH	EBP
    12 00000001 89 E5                           	MOV	EBP,ESP
    13 00000003 8B 55 08                        	MOV	EDX,DWORD [8+EBP]
    14 00000006 5D                              	POP	EBP
    15 00000007 8B 42 0C                        	MOV	EAX,DWORD [12+EDX]
    16 0000000A 2B 42 10                        	SUB	EAX,DWORD [16+EDX]
    17 0000000D C3                              	RET
    18 0000000E                                 	GLOBAL	_fifo32_init
    19 0000000E                                 _fifo32_init:
    20 0000000E 55                              	PUSH	EBP
    21 0000000F 89 E5                           	MOV	EBP,ESP
    22 00000011 8B 45 08                        	MOV	EAX,DWORD [8+EBP]
    23 00000014 8B 55 10                        	MOV	EDX,DWORD [16+EBP]
    24 00000017 8B 4D 0C                        	MOV	ECX,DWORD [12+EBP]
    25 0000001A 89 10                           	MOV	DWORD [EAX],EDX
    26 0000001C 89 48 0C                        	MOV	DWORD [12+EAX],ECX
    27 0000001F 8B 55 14                        	MOV	EDX,DWORD [20+EBP]
    28 00000022 89 48 10                        	MOV	DWORD [16+EAX],ECX
    29 00000025 C7 40 14 00000000               	MOV	DWORD [20+EAX],0
    30 0000002C C7 40 08 00000000               	MOV	DWORD [8+EAX],0
    31 00000033 C7 40 04 00000000               	MOV	DWORD [4+EAX],0
    32 0000003A 89 50 18                        	MOV	DWORD [24+EAX],EDX
    33 0000003D 5D                              	POP	EBP
    34 0000003E C3                              	RET
    35 0000003F                                 	GLOBAL	_fifo32_put
    36 0000003F                                 _fifo32_put:
    37 0000003F 55                              	PUSH	EBP
    38 00000040 89 E5                           	MOV	EBP,ESP
    39 00000042 53                              	PUSH	EBX
    40 00000043 8B 5D 08                        	MOV	EBX,DWORD [8+EBP]
    41 00000046 83 7B 10 00                     	CMP	DWORD [16+EBX],0
    42 0000004A 75 0F                           	JNE	L4
    43 0000004C 83 C8 FF                        	OR	EAX,-1
    44 0000004F C7 43 14 FFFFFFFF               	MOV	DWORD [20+EBX],-1
    45 00000056                                 L3:
    46 00000056 8B 5D FC                        	MOV	EBX,DWORD [-4+EBP]
    47 00000059 C9                              	LEAVE
    48 0000005A C3                              	RET
    49 0000005B                                 L4:
    50 0000005B 8B 4B 04                        	MOV	ECX,DWORD [4+EBX]
    51 0000005E 8B 13                           	MOV	EDX,DWORD [EBX]
    52 00000060 8B 45 0C                        	MOV	EAX,DWORD [12+EBP]
    53 00000063 89 04 8A                        	MOV	DWORD [EDX+ECX*4],EAX
    54 00000066 8B 43 04                        	MOV	EAX,DWORD [4+EBX]
    55 00000069 40                              	INC	EAX
    56 0000006A 89 43 04                        	MOV	DWORD [4+EBX],EAX
    57 0000006D 3B 43 0C                        	CMP	EAX,DWORD [12+EBX]
    58 00000070 74 1B                           	JE	L8
    59 00000072                                 L5:
    60 00000072 8B 43 18                        	MOV	EAX,DWORD [24+EBX]
    61 00000075 FF 4B 10                        	DEC	DWORD [16+EBX]
    62 00000078 85 C0                           	TEST	EAX,EAX
    63 0000007A 74 0D                           	JE	L6
    64 0000007C 83 78 04 02                     	CMP	DWORD [4+EAX],2
    65 00000080 74 07                           	JE	L6
    66 00000082 50                              	PUSH	EAX
    67 00000083 E8 [00000000]                   	CALL	_task_run
    68 00000088 58                              	POP	EAX
    69 00000089                                 L6:
    70 00000089 31 C0                           	XOR	EAX,EAX
    71 0000008B EB C9                           	JMP	L3
    72 0000008D                                 L8:
    73 0000008D C7 43 04 00000000               	MOV	DWORD [4+EBX],0
    74 00000094 EB DC                           	JMP	L5
    75 00000096                                 	GLOBAL	_fifo32_get
    76 00000096                                 _fifo32_get:
    77 00000096 55                              	PUSH	EBP
    78 00000097 83 C8 FF                        	OR	EAX,-1
    79 0000009A 89 E5                           	MOV	EBP,ESP
    80 0000009C 56                              	PUSH	ESI
    81 0000009D 53                              	PUSH	EBX
    82 0000009E 8B 4D 08                        	MOV	ECX,DWORD [8+EBP]
    83 000000A1 8B 71 10                        	MOV	ESI,DWORD [16+ECX]
    84 000000A4 8B 59 0C                        	MOV	EBX,DWORD [12+ECX]
    85 000000A7 39 DE                           	CMP	ESI,EBX
    86 000000A9 74 18                           	JE	L9
    87 000000AB 8B 41 08                        	MOV	EAX,DWORD [8+ECX]
    88 000000AE 8B 11                           	MOV	EDX,DWORD [ECX]
    89 000000B0 8B 14 82                        	MOV	EDX,DWORD [EDX+EAX*4]
    90 000000B3 40                              	INC	EAX
    91 000000B4 89 41 08                        	MOV	DWORD [8+ECX],EAX
    92 000000B7 39 D8                           	CMP	EAX,EBX
    93 000000B9 74 0C                           	JE	L12
    94 000000BB                                 L11:
    95 000000BB 8D 46 01                        	LEA	EAX,DWORD [1+ESI]
    96 000000BE 89 41 10                        	MOV	DWORD [16+ECX],EAX
    97 000000C1 89 D0                           	MOV	EAX,EDX
    98 000000C3                                 L9:
    99 000000C3 5B                              	POP	EBX
   100 000000C4 5E                              	POP	ESI
   101 000000C5 5D                              	POP	EBP
   102 000000C6 C3                              	RET
   103 000000C7                                 L12:
   104 000000C7 C7 41 08 00000000               	MOV	DWORD [8+ECX],0
   105 000000CE EB EB                           	JMP	L11
