     1 00000000                                 [FORMAT "WCOFF"]
     2 00000000                                 [INSTRSET "i486p"]
     3 00000000                                 [OPTIMIZE 1]
     4 00000000                                 [OPTION 1]
     5 00000000                                 [BITS 32]
     6 00000000                                 	EXTERN	_io_hlt
     7 00000000                                 	EXTERN	_memman_alloc_4k
     8 00000000                                 	EXTERN	_set_segmdesc
     9 00000000                                 	EXTERN	_load_tr
    10 00000000                                 	EXTERN	_timer_alloc
    11 00000000                                 	EXTERN	_timer_settime
    12 00000000                                 	EXTERN	_farjmp
    13 00000000                                 [FILE "mtask.c"]
    14                                          [SECTION .text]
    15 00000000                                 	GLOBAL	_task_idle
    16 00000000                                 _task_idle:
    17 00000000 55                              	PUSH	EBP
    18 00000001 89 E5                           	MOV	EBP,ESP
    19 00000003                                 L5:
    20 00000003 E8 [00000000]                   	CALL	_io_hlt
    21 00000008 EB F9                           	JMP	L5
    22 0000000A                                 	GLOBAL	_task_now
    23 0000000A                                 _task_now:
    24 0000000A A1 [00000004]                   	MOV	EAX,DWORD [_taskctl]
    25 0000000F 55                              	PUSH	EBP
    26 00000010 89 E5                           	MOV	EBP,ESP
    27 00000012 5D                              	POP	EBP
    28 00000013 8B 10                           	MOV	EDX,DWORD [EAX]
    29 00000015 69 D2 00000198                  	IMUL	EDX,EDX,408
    30 0000001B 8D 44 02 08                     	LEA	EAX,DWORD [8+EDX+EAX*1]
    31 0000001F 8B 50 04                        	MOV	EDX,DWORD [4+EAX]
    32 00000022 8B 44 90 08                     	MOV	EAX,DWORD [8+EAX+EDX*4]
    33 00000026 C3                              	RET
    34 00000027                                 	GLOBAL	_task_add
    35 00000027                                 _task_add:
    36 00000027 55                              	PUSH	EBP
    37 00000028 89 E5                           	MOV	EBP,ESP
    38 0000002A 8B 4D 08                        	MOV	ECX,DWORD [8+EBP]
    39 0000002D 8B 51 0C                        	MOV	EDX,DWORD [12+ECX]
    40 00000030 69 D2 00000198                  	IMUL	EDX,EDX,408
    41 00000036 03 15 [00000004]                	ADD	EDX,DWORD [_taskctl]
    42 0000003C 8B 42 08                        	MOV	EAX,DWORD [8+EDX]
    43 0000003F 89 4C 82 10                     	MOV	DWORD [16+EDX+EAX*4],ECX
    44 00000043 40                              	INC	EAX
    45 00000044 89 42 08                        	MOV	DWORD [8+EDX],EAX
    46 00000047 C7 41 04 00000002               	MOV	DWORD [4+ECX],2
    47 0000004E 5D                              	POP	EBP
    48 0000004F C3                              	RET
    49 00000050                                 	GLOBAL	_task_remove
    50 00000050                                 _task_remove:
    51 00000050 55                              	PUSH	EBP
    52 00000051 8B 15 [00000004]                	MOV	EDX,DWORD [_taskctl]
    53 00000057 89 E5                           	MOV	EBP,ESP
    54 00000059 31 C9                           	XOR	ECX,ECX
    55 0000005B 53                              	PUSH	EBX
    56 0000005C 8B 02                           	MOV	EAX,DWORD [EDX]
    57 0000005E 8B 5D 08                        	MOV	EBX,DWORD [8+EBP]
    58 00000061 69 C0 00000198                  	IMUL	EAX,EAX,408
    59 00000067 8D 54 10 08                     	LEA	EDX,DWORD [8+EAX+EDX*1]
    60 0000006B                                 L14:
    61 0000006B 39 5C 8A 08                     	CMP	DWORD [8+EDX+ECX*4],EBX
    62 0000006F 74 06                           	JE	L10
    63 00000071 41                              	INC	ECX
    64 00000072 83 F9 09                        	CMP	ECX,9
    65 00000075 7E F4                           	JLE	L14
    66 00000077                                 L10:
    67 00000077 8B 42 04                        	MOV	EAX,DWORD [4+EDX]
    68 0000007A FF 0A                           	DEC	DWORD [EDX]
    69 0000007C 39 C1                           	CMP	ECX,EAX
    70 0000007E 7D 04                           	JGE	L15
    71 00000080 48                              	DEC	EAX
    72 00000081 89 42 04                        	MOV	DWORD [4+EDX],EAX
    73 00000084                                 L15:
    74 00000084 8B 02                           	MOV	EAX,DWORD [EDX]
    75 00000086 39 42 04                        	CMP	DWORD [4+EDX],EAX
    76 00000089 7C 07                           	JL	L16
    77 0000008B C7 42 04 00000000               	MOV	DWORD [4+EDX],0
    78 00000092                                 L16:
    79 00000092 C7 43 04 00000001               	MOV	DWORD [4+EBX],1
    80 00000099 8B 1A                           	MOV	EBX,DWORD [EDX]
    81 0000009B 39 D9                           	CMP	ECX,EBX
    82 0000009D 7D 0D                           	JGE	L24
    83 0000009F                                 L21:
    84 0000009F 8B 44 8A 0C                     	MOV	EAX,DWORD [12+EDX+ECX*4]
    85 000000A3 89 44 8A 08                     	MOV	DWORD [8+EDX+ECX*4],EAX
    86 000000A7 41                              	INC	ECX
    87 000000A8 39 D9                           	CMP	ECX,EBX
    88 000000AA 7C F3                           	JL	L21
    89 000000AC                                 L24:
    90 000000AC 5B                              	POP	EBX
    91 000000AD 5D                              	POP	EBP
    92 000000AE C3                              	RET
    93 000000AF                                 	GLOBAL	_task_switchsub
    94 000000AF                                 _task_switchsub:
    95 000000AF 55                              	PUSH	EBP
    96 000000B0 31 C9                           	XOR	ECX,ECX
    97 000000B2 89 E5                           	MOV	EBP,ESP
    98 000000B4 A1 [00000004]                   	MOV	EAX,DWORD [_taskctl]
    99 000000B9 31 D2                           	XOR	EDX,EDX
   100 000000BB                                 L31:
   101 000000BB 83 7C 10 08 00                  	CMP	DWORD [8+EAX+EDX*1],0
   102 000000C0 7F 0C                           	JG	L27
   103 000000C2 41                              	INC	ECX
   104 000000C3 81 C2 00000198                  	ADD	EDX,408
   105 000000C9 83 F9 09                        	CMP	ECX,9
   106 000000CC 7E ED                           	JLE	L31
   107 000000CE                                 L27:
   108 000000CE 89 08                           	MOV	DWORD [EAX],ECX
   109 000000D0 C6 40 04 00                     	MOV	BYTE [4+EAX],0
   110 000000D4 5D                              	POP	EBP
   111 000000D5 C3                              	RET
   112 000000D6                                 	GLOBAL	_task_init
   113 000000D6                                 _task_init:
   114 000000D6 55                              	PUSH	EBP
   115 000000D7 89 E5                           	MOV	EBP,ESP
   116 000000D9 57                              	PUSH	EDI
   117 000000DA 56                              	PUSH	ESI
   118 000000DB 31 FF                           	XOR	EDI,EDI
   119 000000DD 53                              	PUSH	EBX
   120 000000DE 31 F6                           	XOR	ESI,ESI
   121 000000E0 68 00027158                     	PUSH	160088
   122 000000E5 BB 000003E7                     	MOV	EBX,999
   123 000000EA FF 75 08                        	PUSH	DWORD [8+EBP]
   124 000000ED E8 [00000000]                   	CALL	_memman_alloc_4k
   125 000000F2 A3 [00000004]                   	MOV	DWORD [_taskctl],EAX
   126 000000F7 58                              	POP	EAX
   127 000000F8 5A                              	POP	EDX
   128 000000F9                                 L38:
   129 000000F9 89 F8                           	MOV	EAX,EDI
   130 000000FB 8D 56 18                        	LEA	EDX,DWORD [24+ESI]
   131 000000FE 03 05 [00000004]                	ADD	EAX,DWORD [_taskctl]
   132 00000104 81 C7 0000009C                  	ADD	EDI,156
   133 0000010A C7 80 00000FFC 00000000         	MOV	DWORD [4092+EAX],0
   134 00000114 89 90 00000FF8                  	MOV	DWORD [4088+EAX],EDX
   135 0000011A 05 00001024                     	ADD	EAX,4132
   136 0000011F 68 00000089                     	PUSH	137
   137 00000124 50                              	PUSH	EAX
   138 00000125 8D 86 00270018                  	LEA	EAX,DWORD [2555928+ESI]
   139 0000012B 6A 67                           	PUSH	103
   140 0000012D 83 C6 08                        	ADD	ESI,8
   141 00000130 50                              	PUSH	EAX
   142 00000131 E8 [00000000]                   	CALL	_set_segmdesc
   143 00000136 83 C4 10                        	ADD	ESP,16
   144 00000139 4B                              	DEC	EBX
   145 0000013A 79 BD                           	JNS	L38
   146 0000013C 8B 0D [00000004]                	MOV	ECX,DWORD [_taskctl]
   147 00000142 31 D2                           	XOR	EDX,EDX
   148 00000144 BB 00000009                     	MOV	EBX,9
   149 00000149                                 L43:
   150 00000149 8D 04 11                        	LEA	EAX,DWORD [ECX+EDX*1]
   151 0000014C 81 C2 00000198                  	ADD	EDX,408
   152 00000152 4B                              	DEC	EBX
   153 00000153 C7 40 08 00000000               	MOV	DWORD [8+EAX],0
   154 0000015A C7 40 0C 00000000               	MOV	DWORD [12+EAX],0
   155 00000161 79 E6                           	JNS	L43
   156 00000163 E8 000000A6                     	CALL	_task_alloc
   157 00000168 89 C6                           	MOV	ESI,EAX
   158 0000016A C7 40 04 00000002               	MOV	DWORD [4+EAX],2
   159 00000171 C7 40 08 00000002               	MOV	DWORD [8+EAX],2
   160 00000178 C7 40 0C 00000000               	MOV	DWORD [12+EAX],0
   161 0000017F 50                              	PUSH	EAX
   162 00000180 E8 FFFFFEA2                     	CALL	_task_add
   163 00000185 E8 FFFFFF25                     	CALL	_task_switchsub
   164 0000018A FF 36                           	PUSH	DWORD [ESI]
   165 0000018C E8 [00000000]                   	CALL	_load_tr
   166 00000191 E8 [00000000]                   	CALL	_timer_alloc
   167 00000196 FF 76 08                        	PUSH	DWORD [8+ESI]
   168 00000199 50                              	PUSH	EAX
   169 0000019A A3 [00000000]                   	MOV	DWORD [_task_timer],EAX
   170 0000019F E8 [00000000]                   	CALL	_timer_settime
   171 000001A4 E8 00000065                     	CALL	_task_alloc
   172 000001A9 68 00010000                     	PUSH	65536
   173 000001AE FF 75 08                        	PUSH	DWORD [8+EBP]
   174 000001B1 89 C3                           	MOV	EBX,EAX
   175 000001B3 E8 [00000000]                   	CALL	_memman_alloc_4k
   176 000001B8 05 00010000                     	ADD	EAX,65536
   177 000001BD 89 43 64                        	MOV	DWORD [100+EBX],EAX
   178 000001C0 C7 43 4C [00000000]             	MOV	DWORD [76+EBX],_task_idle
   179 000001C7 C7 43 74 00000008               	MOV	DWORD [116+EBX],8
   180 000001CE C7 43 78 00000010               	MOV	DWORD [120+EBX],16
   181 000001D5 C7 43 7C 00000008               	MOV	DWORD [124+EBX],8
   182 000001DC C7 83 00000080 00000008         	MOV	DWORD [128+EBX],8
   183 000001E6 C7 83 00000084 00000008         	MOV	DWORD [132+EBX],8
   184 000001F0 C7 83 00000088 00000008         	MOV	DWORD [136+EBX],8
   185 000001FA 6A 01                           	PUSH	1
   186 000001FC 6A 09                           	PUSH	9
   187 000001FE 53                              	PUSH	EBX
   188 000001FF E8 000000BE                     	CALL	_task_run
   189 00000204 8D 65 F4                        	LEA	ESP,DWORD [-12+EBP]
   190 00000207 5B                              	POP	EBX
   191 00000208 89 F0                           	MOV	EAX,ESI
   192 0000020A 5E                              	POP	ESI
   193 0000020B 5F                              	POP	EDI
   194 0000020C 5D                              	POP	EBP
   195 0000020D C3                              	RET
   196 0000020E                                 	GLOBAL	_task_alloc
   197 0000020E                                 _task_alloc:
   198 0000020E 55                              	PUSH	EBP
   199 0000020F 31 C9                           	XOR	ECX,ECX
   200 00000211 89 E5                           	MOV	EBP,ESP
   201 00000213 31 D2                           	XOR	EDX,EDX
   202 00000215                                 L54:
   203 00000215 89 D0                           	MOV	EAX,EDX
   204 00000217 03 05 [00000004]                	ADD	EAX,DWORD [_taskctl]
   205 0000021D 83 B8 00000FFC 00               	CMP	DWORD [4092+EAX],0
   206 00000224 74 13                           	JE	L57
   207 00000226 41                              	INC	ECX
   208 00000227 81 C2 0000009C                  	ADD	EDX,156
   209 0000022D 81 F9 000003E7                  	CMP	ECX,999
   210 00000233 7E E0                           	JLE	L54
   211 00000235 31 C0                           	XOR	EAX,EAX
   212 00000237                                 L48:
   213 00000237 5D                              	POP	EBP
   214 00000238 C3                              	RET
   215 00000239                                 L57:
   216 00000239 05 00000FF8                     	ADD	EAX,4088
   217 0000023E C7 40 04 00000001               	MOV	DWORD [4+EAX],1
   218 00000245 C7 40 50 00000202               	MOV	DWORD [80+EAX],514
   219 0000024C C7 40 54 00000000               	MOV	DWORD [84+EAX],0
   220 00000253 C7 40 58 00000000               	MOV	DWORD [88+EAX],0
   221 0000025A C7 40 5C 00000000               	MOV	DWORD [92+EAX],0
   222 00000261 C7 40 60 00000000               	MOV	DWORD [96+EAX],0
   223 00000268 C7 40 68 00000000               	MOV	DWORD [104+EAX],0
   224 0000026F C7 40 6C 00000000               	MOV	DWORD [108+EAX],0
   225 00000276 C7 40 70 00000000               	MOV	DWORD [112+EAX],0
   226 0000027D C7 40 74 00000000               	MOV	DWORD [116+EAX],0
   227 00000284 C7 80 00000080 00000000         	MOV	DWORD [128+EAX],0
   228 0000028E C7 80 00000084 00000000         	MOV	DWORD [132+EAX],0
   229 00000298 C7 80 00000088 00000000         	MOV	DWORD [136+EAX],0
   230 000002A2 C7 80 0000008C 00000000         	MOV	DWORD [140+EAX],0
   231 000002AC C7 80 00000090 40000000         	MOV	DWORD [144+EAX],1073741824
   232 000002B6 C7 40 34 00000000               	MOV	DWORD [52+EAX],0
   233 000002BD E9 FFFFFF75                     	JMP	L48
   234 000002C2                                 	GLOBAL	_task_run
   235 000002C2                                 _task_run:
   236 000002C2 55                              	PUSH	EBP
   237 000002C3 89 E5                           	MOV	EBP,ESP
   238 000002C5 56                              	PUSH	ESI
   239 000002C6 53                              	PUSH	EBX
   240 000002C7 8B 75 0C                        	MOV	ESI,DWORD [12+EBP]
   241 000002CA 8B 45 10                        	MOV	EAX,DWORD [16+EBP]
   242 000002CD 8B 5D 08                        	MOV	EBX,DWORD [8+EBP]
   243 000002D0 85 F6                           	TEST	ESI,ESI
   244 000002D2 78 3B                           	JS	L63
   245 000002D4                                 L59:
   246 000002D4 85 C0                           	TEST	EAX,EAX
   247 000002D6 7E 03                           	JLE	L60
   248 000002D8 89 43 08                        	MOV	DWORD [8+EBX],EAX
   249 000002DB                                 L60:
   250 000002DB 83 7B 04 02                     	CMP	DWORD [4+EBX],2
   251 000002DF 74 20                           	JE	L64
   252 000002E1                                 L61:
   253 000002E1 83 7B 04 02                     	CMP	DWORD [4+EBX],2
   254 000002E5 74 0A                           	JE	L62
   255 000002E7 89 73 0C                        	MOV	DWORD [12+EBX],ESI
   256 000002EA 53                              	PUSH	EBX
   257 000002EB E8 FFFFFD37                     	CALL	_task_add
   258 000002F0 59                              	POP	ECX
   259 000002F1                                 L62:
   260 000002F1 A1 [00000004]                   	MOV	EAX,DWORD [_taskctl]
   261 000002F6 C6 40 04 01                     	MOV	BYTE [4+EAX],1
   262 000002FA 8D 65 F8                        	LEA	ESP,DWORD [-8+EBP]
   263 000002FD 5B                              	POP	EBX
   264 000002FE 5E                              	POP	ESI
   265 000002FF 5D                              	POP	EBP
   266 00000300 C3                              	RET
   267 00000301                                 L64:
   268 00000301 39 73 0C                        	CMP	DWORD [12+EBX],ESI
   269 00000304 74 DB                           	JE	L61
   270 00000306 53                              	PUSH	EBX
   271 00000307 E8 FFFFFD44                     	CALL	_task_remove
   272 0000030C 58                              	POP	EAX
   273 0000030D EB D2                           	JMP	L61
   274 0000030F                                 L63:
   275 0000030F 8B 73 0C                        	MOV	ESI,DWORD [12+EBX]
   276 00000312 EB C0                           	JMP	L59
   277 00000314                                 	GLOBAL	_task_switch
   278 00000314                                 _task_switch:
   279 00000314 55                              	PUSH	EBP
   280 00000315 89 E5                           	MOV	EBP,ESP
   281 00000317 57                              	PUSH	EDI
   282 00000318 56                              	PUSH	ESI
   283 00000319 53                              	PUSH	EBX
   284 0000031A 8B 1D [00000004]                	MOV	EBX,DWORD [_taskctl]
   285 00000320 8B 03                           	MOV	EAX,DWORD [EBX]
   286 00000322 69 C0 00000198                  	IMUL	EAX,EAX,408
   287 00000328 01 C3                           	ADD	EBX,EAX
   288 0000032A E8 FFFFFCDB                     	CALL	_task_now
   289 0000032F 89 C7                           	MOV	EDI,EAX
   290 00000331 8D 73 08                        	LEA	ESI,DWORD [8+EBX]
   291 00000334 8B 46 04                        	MOV	EAX,DWORD [4+ESI]
   292 00000337 40                              	INC	EAX
   293 00000338 89 46 04                        	MOV	DWORD [4+ESI],EAX
   294 0000033B 3B 43 08                        	CMP	EAX,DWORD [8+EBX]
   295 0000033E 74 40                           	JE	L69
   296 00000340                                 L66:
   297 00000340 A1 [00000004]                   	MOV	EAX,DWORD [_taskctl]
   298 00000345 80 78 04 00                     	CMP	BYTE [4+EAX],0
   299 00000349 75 2E                           	JNE	L70
   300 0000034B                                 L67:
   301 0000034B E8 FFFFFCBA                     	CALL	_task_now
   302 00000350 89 C3                           	MOV	EBX,EAX
   303 00000352 FF 70 08                        	PUSH	DWORD [8+EAX]
   304 00000355 FF 35 [00000000]                	PUSH	DWORD [_task_timer]
   305 0000035B E8 [00000000]                   	CALL	_timer_settime
   306 00000360 39 FB                           	CMP	EBX,EDI
   307 00000362 59                              	POP	ECX
   308 00000363 5E                              	POP	ESI
   309 00000364 74 0B                           	JE	L65
   310 00000366 FF 33                           	PUSH	DWORD [EBX]
   311 00000368 6A 00                           	PUSH	0
   312 0000036A E8 [00000000]                   	CALL	_farjmp
   313 0000036F 58                              	POP	EAX
   314 00000370 5A                              	POP	EDX
   315 00000371                                 L65:
   316 00000371 8D 65 F4                        	LEA	ESP,DWORD [-12+EBP]
   317 00000374 5B                              	POP	EBX
   318 00000375 5E                              	POP	ESI
   319 00000376 5F                              	POP	EDI
   320 00000377 5D                              	POP	EBP
   321 00000378 C3                              	RET
   322 00000379                                 L70:
   323 00000379 E8 FFFFFD31                     	CALL	_task_switchsub
   324 0000037E EB CB                           	JMP	L67
   325 00000380                                 L69:
   326 00000380 C7 46 04 00000000               	MOV	DWORD [4+ESI],0
   327 00000387 EB B7                           	JMP	L66
   328 00000389                                 	GLOBAL	_task_sleep
   329 00000389                                 _task_sleep:
   330 00000389 55                              	PUSH	EBP
   331 0000038A 89 E5                           	MOV	EBP,ESP
   332 0000038C 56                              	PUSH	ESI
   333 0000038D 53                              	PUSH	EBX
   334 0000038E 8B 75 08                        	MOV	ESI,DWORD [8+EBP]
   335 00000391 83 7E 04 02                     	CMP	DWORD [4+ESI],2
   336 00000395 74 07                           	JE	L74
   337 00000397                                 L71:
   338 00000397 8D 65 F8                        	LEA	ESP,DWORD [-8+EBP]
   339 0000039A 5B                              	POP	EBX
   340 0000039B 5E                              	POP	ESI
   341 0000039C 5D                              	POP	EBP
   342 0000039D C3                              	RET
   343 0000039E                                 L74:
   344 0000039E E8 FFFFFC67                     	CALL	_task_now
   345 000003A3 56                              	PUSH	ESI
   346 000003A4 89 C3                           	MOV	EBX,EAX
   347 000003A6 E8 FFFFFCA5                     	CALL	_task_remove
   348 000003AB 59                              	POP	ECX
   349 000003AC 39 DE                           	CMP	ESI,EBX
   350 000003AE 75 E7                           	JNE	L71
   351 000003B0 E8 FFFFFCFA                     	CALL	_task_switchsub
   352 000003B5 E8 FFFFFC50                     	CALL	_task_now
   353 000003BA FF 30                           	PUSH	DWORD [EAX]
   354 000003BC 6A 00                           	PUSH	0
   355 000003BE E8 [00000000]                   	CALL	_farjmp
   356 000003C3 58                              	POP	EAX
   357 000003C4 5A                              	POP	EDX
   358 000003C5 EB D0                           	JMP	L71
   359 000003C7                                 	GLOBAL	_task_timer
   360                                          [SECTION .data]
   361 00000000                                 	ALIGNB	4
   362 00000000                                 _task_timer:
   363 00000000 00 00 00 00                     	RESB	4
   364 00000004                                 	GLOBAL	_taskctl
   365                                          [SECTION .data]
   366 00000004                                 	ALIGNB	4
   367 00000004                                 _taskctl:
   368 00000004 00 00 00 00                     	RESB	4
